<!--
 * @Description:
 * @Author: kaitoShy
 * @Date: 2020-10-26 22:17:23
 * @LastEditors: kaitoShy
 * @LastEditTime: 2020-10-27 12:44:52
-->
```bash
$ java  -Xms512m -Xmx512m -XX:+UseG1GC   -XX:+PrintGC -XX:+PrintGCDateStamps GCLogAnalysis
正在执行...
2020-10-26T22:16:54.889-0800: [GC pause (G1 Evacuation Pause) (young) 31M->9606K(512M), 0.0032916 secs]
2020-10-26T22:16:54.900-0800: [GC pause (G1 Evacuation Pause) (young) 40M->17M(512M), 0.0033041 secs]
2020-10-26T22:16:54.940-0800: [GC pause (G1 Evacuation Pause) (young) 108M->54M(512M), 0.0170392 secs]
2020-10-26T22:16:54.970-0800: [GC pause (G1 Evacuation Pause) (young) 120M->72M(512M), 0.0137587 secs]
2020-10-26T22:16:55.018-0800: [GC pause (G1 Evacuation Pause) (young) 179M->108M(512M), 0.0126780 secs]
2020-10-26T22:16:55.075-0800: [GC pause (G1 Evacuation Pause) (young) 252M->153M(512M), 0.0150569 secs]
2020-10-26T22:16:55.122-0800: [GC pause (G1 Evacuation Pause) (young) 305M->189M(512M), 0.0157156 secs]
2020-10-26T22:16:55.167-0800: [GC pause (G1 Humongous Allocation) (young) (initial-mark) 301M->219M(512M), 0.0088432 secs]
2020-10-26T22:16:55.176-0800: [GC concurrent-root-region-scan-start]
2020-10-26T22:16:55.176-0800: [GC concurrent-root-region-scan-end, 0.0001499 secs]
2020-10-26T22:16:55.176-0800: [GC concurrent-mark-start]
2020-10-26T22:16:55.178-0800: [GC concurrent-mark-end, 0.0016340 secs]
2020-10-26T22:16:55.178-0800: [GC remark, 0.0014651 secs]
2020-10-26T22:16:55.180-0800: [GC cleanup 229M->228M(512M), 0.0006137 secs]
2020-10-26T22:16:55.180-0800: [GC concurrent-cleanup-start]
2020-10-26T22:16:55.180-0800: [GC concurrent-cleanup-end, 0.0000168 secs]
2020-10-26T22:16:55.231-0800: [GC pause (G1 Evacuation Pause) (young)-- 406M->298M(512M), 0.0266656 secs]
2020-10-26T22:16:55.258-0800: [GC pause (G1 Evacuation Pause) (mixed) 303M->280M(512M), 0.0038075 secs]
2020-10-26T22:16:55.262-0800: [GC pause (G1 Humongous Allocation) (young) (initial-mark) 283M->281M(512M), 0.0007586 secs]
2020-10-26T22:16:55.263-0800: [GC concurrent-root-region-scan-start]
2020-10-26T22:16:55.263-0800: [GC concurrent-root-region-scan-end, 0.0000509 secs]
2020-10-26T22:16:55.263-0800: [GC concurrent-mark-start]
2020-10-26T22:16:55.264-0800: [GC concurrent-mark-end, 0.0007552 secs]
2020-10-26T22:16:55.264-0800: [GC remark, 0.0009635 secs]
2020-10-26T22:16:55.265-0800: [GC cleanup 288M->288M(512M), 0.0004544 secs]
2020-10-26T22:16:55.288-0800: [GC pause (G1 Evacuation Pause) (young) 416M->321M(512M), 0.0047864 secs]
2020-10-26T22:16:55.295-0800: [GC pause (G1 Evacuation Pause) (mixed) 333M->282M(512M), 0.0041557 secs]
2020-10-26T22:16:55.304-0800: [GC pause (G1 Evacuation Pause) (mixed) 308M->283M(512M), 0.0024732 secs]
2020-10-26T22:16:55.307-0800: [GC pause (G1 Humongous Allocation) (young) (initial-mark) 283M->282M(512M), 0.0008492 secs]
2020-10-26T22:16:55.308-0800: [GC concurrent-root-region-scan-start]
2020-10-26T22:16:55.308-0800: [GC concurrent-root-region-scan-end, 0.0000536 secs]
2020-10-26T22:16:55.313-0800: [GC concurrent-mark-start]
2020-10-26T22:16:55.314-0800: [GC concurrent-mark-end, 0.0013654 secs]
2020-10-26T22:16:55.314-0800: [GC remark, 0.0010292 secs]
2020-10-26T22:16:55.315-0800: [GC cleanup 317M->317M(512M), 0.0004998 secs]
2020-10-26T22:16:55.346-0800: [GC pause (G1 Evacuation Pause) (young)-- 427M->366M(512M), 0.0039526 secs]
2020-10-26T22:16:55.351-0800: [GC pause (G1 Evacuation Pause) (mixed) 376M->337M(512M), 0.0060163 secs]
2020-10-26T22:16:55.363-0800: [GC pause (G1 Evacuation Pause) (mixed) 368M->344M(512M), 0.0018224 secs]
2020-10-26T22:16:55.365-0800: [GC pause (G1 Humongous Allocation) (young) (initial-mark) 347M->344M(512M), 0.0009002 secs]
2020-10-26T22:16:55.366-0800: [GC concurrent-root-region-scan-start]
2020-10-26T22:16:55.366-0800: [GC concurrent-root-region-scan-end, 0.0000775 secs]
2020-10-26T22:16:55.366-0800: [GC concurrent-mark-start]
2020-10-26T22:16:55.367-0800: [GC concurrent-mark-end, 0.0008286 secs]
2020-10-26T22:16:55.367-0800: [GC remark, 0.0010984 secs]
2020-10-26T22:16:55.368-0800: [GC cleanup 351M->349M(512M), 0.0005987 secs]
2020-10-26T22:16:55.369-0800: [GC concurrent-cleanup-start]
2020-10-26T22:16:55.369-0800: [GC concurrent-cleanup-end, 0.0000088 secs]
2020-10-26T22:16:55.377-0800: [GC pause (G1 Evacuation Pause) (young) 409M->359M(512M), 0.0021925 secs]
2020-10-26T22:16:55.383-0800: [GC pause (G1 Evacuation Pause) (mixed) 382M->320M(512M), 0.0025983 secs]
2020-10-26T22:16:55.389-0800: [GC pause (G1 Evacuation Pause) (mixed) 348M->302M(512M), 0.0051401 secs]
2020-10-26T22:16:55.408-0800: [GC pause (G1 Humongous Allocation) (young) (initial-mark) 310M->302M(512M), 0.0010381 secs]
2020-10-26T22:16:55.409-0800: [GC concurrent-root-region-scan-start]
2020-10-26T22:16:55.409-0800: [GC concurrent-root-region-scan-end, 0.0000814 secs]
2020-10-26T22:16:55.409-0800: [GC concurrent-mark-start]
2020-10-26T22:16:55.410-0800: [GC concurrent-mark-end, 0.0007503 secs]
2020-10-26T22:16:55.410-0800: [GC remark, 0.0010184 secs]
2020-10-26T22:16:55.411-0800: [GC cleanup 310M->310M(512M), 0.0005546 secs]
2020-10-26T22:16:55.440-0800: [GC pause (G1 Evacuation Pause) (young) 413M->333M(512M), 0.0052542 secs]
2020-10-26T22:16:55.449-0800: [GC pause (G1 Evacuation Pause) (mixed) 352M->321M(512M), 0.0062347 secs]
2020-10-26T22:16:55.455-0800: [GC pause (G1 Humongous Allocation) (young) (initial-mark) 322M->320M(512M), 0.0009322 secs]
2020-10-26T22:16:55.456-0800: [GC concurrent-root-region-scan-start]
2020-10-26T22:16:55.456-0800: [GC concurrent-root-region-scan-end, 0.0000731 secs]
2020-10-26T22:16:55.456-0800: [GC concurrent-mark-start]
2020-10-26T22:16:55.457-0800: [GC concurrent-mark-end, 0.0009779 secs]
2020-10-26T22:16:55.457-0800: [GC remark, 0.0013476 secs]
2020-10-26T22:16:55.459-0800: [GC cleanup 325M->325M(512M), 0.0004760 secs]
2020-10-26T22:16:55.459-0800: [GC concurrent-cleanup-start]
2020-10-26T22:16:55.459-0800: [GC concurrent-cleanup-end, 0.0000105 secs]
2020-10-26T22:16:55.474-0800: [GC pause (G1 Evacuation Pause) (young) 415M->346M(512M), 0.0027881 secs]
2020-10-26T22:16:55.480-0800: [GC pause (G1 Evacuation Pause) (mixed) 366M->326M(512M), 0.0060455 secs]
2020-10-26T22:16:55.491-0800: [GC pause (G1 Evacuation Pause) (mixed) 356M->335M(512M), 0.0019330 secs]
2020-10-26T22:16:55.494-0800: [GC pause (G1 Humongous Allocation) (young) (initial-mark) 343M->337M(512M), 0.0010123 secs]
2020-10-26T22:16:55.497-0800: [GC concurrent-root-region-scan-start]
2020-10-26T22:16:55.497-0800: [GC concurrent-root-region-scan-end, 0.0000858 secs]
2020-10-26T22:16:55.497-0800: [GC concurrent-mark-start]
2020-10-26T22:16:55.498-0800: [GC concurrent-mark-end, 0.0010051 secs]
2020-10-26T22:16:55.499-0800: [GC remark, 0.0010594 secs]
2020-10-26T22:16:55.500-0800: [GC cleanup 346M->346M(512M), 0.0004747 secs]
2020-10-26T22:16:55.520-0800: [GC pause (G1 Evacuation Pause) (young) 406M->353M(512M), 0.0045909 secs]
2020-10-26T22:16:55.527-0800: [GC pause (G1 Evacuation Pause) (mixed) 374M->330M(512M), 0.0052399 secs]
2020-10-26T22:16:55.537-0800: [GC pause (G1 Evacuation Pause) (mixed) 360M->336M(512M), 0.0022979 secs]
2020-10-26T22:16:55.539-0800: [GC pause (G1 Humongous Allocation) (young) (initial-mark) 336M->335M(512M), 0.0008144 secs]
2020-10-26T22:16:55.540-0800: [GC concurrent-root-region-scan-start]
2020-10-26T22:16:55.540-0800: [GC concurrent-root-region-scan-end, 0.0000660 secs]
2020-10-26T22:16:55.540-0800: [GC concurrent-mark-start]
2020-10-26T22:16:55.541-0800: [GC concurrent-mark-end, 0.0007955 secs]
2020-10-26T22:16:55.541-0800: [GC remark, 0.0010938 secs]
2020-10-26T22:16:55.542-0800: [GC cleanup 342M->342M(512M), 0.0004812 secs]
2020-10-26T22:16:55.553-0800: [GC pause (G1 Evacuation Pause) (young) 410M->353M(512M), 0.0028455 secs]
2020-10-26T22:16:55.560-0800: [GC pause (G1 Evacuation Pause) (mixed) 375M->332M(512M), 0.0052683 secs]
2020-10-26T22:16:55.565-0800: [GC pause (G1 Humongous Allocation) (young) (initial-mark) 335M->333M(512M), 0.0009228 secs]
2020-10-26T22:16:55.566-0800: [GC concurrent-root-region-scan-start]
2020-10-26T22:16:55.566-0800: [GC concurrent-root-region-scan-end, 0.0000797 secs]
2020-10-26T22:16:55.589-0800: [GC concurrent-mark-start]
2020-10-26T22:16:55.589-0800: [GC pause (G1 Evacuation Pause) (young) 403M->350M(512M), 0.0146380 secs]
2020-10-26T22:16:55.593-0800: [GC concurrent-mark-end, 0.0042227 secs]
2020-10-26T22:16:55.593-0800: [GC remark, 0.0011668 secs]
2020-10-26T22:16:55.594-0800: [GC cleanup 358M->358M(512M), 0.0005698 secs]
2020-10-26T22:16:55.602-0800: [GC pause (G1 Evacuation Pause) (young) 408M->365M(512M), 0.0025691 secs]
2020-10-26T22:16:55.618-0800: [GC pause (G1 Evacuation Pause) (mixed) 385M->349M(512M), 0.0070381 secs]
2020-10-26T22:16:55.625-0800: [GC pause (G1 Humongous Allocation) (young) (initial-mark) 350M->350M(512M), 0.0009471 secs]
2020-10-26T22:16:55.626-0800: [GC concurrent-root-region-scan-start]
2020-10-26T22:16:55.626-0800: [GC concurrent-root-region-scan-end, 0.0000656 secs]
2020-10-26T22:16:55.626-0800: [GC concurrent-mark-start]
2020-10-26T22:16:55.627-0800: [GC concurrent-mark-end, 0.0008860 secs]
2020-10-26T22:16:55.627-0800: [GC remark, 0.0011682 secs]
2020-10-26T22:16:55.628-0800: [GC cleanup 357M->357M(512M), 0.0004466 secs]
2020-10-26T22:16:55.636-0800: [GC pause (G1 Evacuation Pause) (young) 412M->366M(512M), 0.0022612 secs]
2020-10-26T22:16:55.641-0800: [GC pause (G1 Evacuation Pause) (mixed) 390M->348M(512M), 0.0059701 secs]
2020-10-26T22:16:55.650-0800: [GC pause (G1 Evacuation Pause) (mixed) 373M->358M(512M), 0.0033547 secs]
2020-10-26T22:16:55.654-0800: [GC pause (G1 Humongous Allocation) (young) (initial-mark) 364M->359M(512M), 0.0009659 secs]
2020-10-26T22:16:55.655-0800: [GC concurrent-root-region-scan-start]
2020-10-26T22:16:55.655-0800: [GC concurrent-root-region-scan-end, 0.0000720 secs]
2020-10-26T22:16:55.655-0800: [GC concurrent-mark-start]
2020-10-26T22:16:55.656-0800: [GC concurrent-mark-end, 0.0007803 secs]
2020-10-26T22:16:55.686-0800: [GC pause (G1 Evacuation Pause) (young) 411M->375M(512M), 0.0266831 secs]
2020-10-26T22:16:55.689-0800: [GC remark, 0.0021683 secs]
2020-10-26T22:16:55.692-0800: [GC cleanup 376M->376M(512M), 0.0009278 secs]
2020-10-26T22:16:55.704-0800: [GC pause (G1 Evacuation Pause) (young) 408M->382M(512M), 0.0024267 secs]
2020-10-26T22:16:55.711-0800: [GC pause (G1 Evacuation Pause) (mixed) 407M->363M(512M), 0.0057767 secs]
2020-10-26T22:16:55.720-0800: [GC pause (G1 Evacuation Pause) (mixed) 389M->366M(512M), 0.0023705 secs]
2020-10-26T22:16:55.723-0800: [GC pause (G1 Humongous Allocation) (young) (initial-mark) 366M->366M(512M), 0.0008419 secs]
2020-10-26T22:16:55.724-0800: [GC concurrent-root-region-scan-start]
2020-10-26T22:16:55.724-0800: [GC concurrent-root-region-scan-end, 0.0000385 secs]
2020-10-26T22:16:55.724-0800: [GC concurrent-mark-start]
2020-10-26T22:16:55.725-0800: [GC concurrent-mark-end, 0.0008752 secs]
2020-10-26T22:16:55.725-0800: [GC remark, 0.0011831 secs]
2020-10-26T22:16:55.726-0800: [GC cleanup 377M->377M(512M), 0.0004792 secs]
2020-10-26T22:16:55.731-0800: [GC pause (G1 Evacuation Pause) (young) 412M->383M(512M), 0.0023393 secs]
2020-10-26T22:16:55.737-0800: [GC pause (G1 Evacuation Pause) (mixed) 413M->368M(512M), 0.0056552 secs]
2020-10-26T22:16:55.746-0800: [GC pause (G1 Evacuation Pause) (mixed) 393M->367M(512M), 0.0036952 secs]
2020-10-26T22:16:55.750-0800: [GC pause (G1 Humongous Allocation) (young) (initial-mark) 370M->367M(512M), 0.0010915 secs]
2020-10-26T22:16:55.752-0800: [GC concurrent-root-region-scan-start]
2020-10-26T22:16:55.774-0800: [GC pause (G1 Evacuation Pause) (young)2020-10-26T22:16:55.774-0800: [GC concurrent-root-region-scan-end, 0.0225897 secs]
2020-10-26T22:16:55.774-0800: [GC concurrent-mark-start]
 410M->380M(512M), 0.0166105 secs]
2020-10-26T22:16:55.777-0800: [GC concurrent-mark-end, 0.0031975 secs]
2020-10-26T22:16:55.777-0800: [GC remark, 0.0013101 secs]
2020-10-26T22:16:55.779-0800: [GC cleanup 389M->389M(512M), 0.0004239 secs]
2020-10-26T22:16:55.782-0800: [GC pause (G1 Evacuation Pause) (young) 407M->387M(512M), 0.0016853 secs]
2020-10-26T22:16:55.787-0800: [GC pause (G1 Evacuation Pause) (mixed) 414M->375M(512M), 0.0144262 secs]
2020-10-26T22:16:55.810-0800: [GC pause (G1 Evacuation Pause) (mixed) 404M->378M(512M), 0.0032277 secs]
2020-10-26T22:16:55.813-0800: [GC pause (G1 Humongous Allocation) (young) (initial-mark) 379M->378M(512M), 0.0008861 secs]
2020-10-26T22:16:55.814-0800: [GC concurrent-root-region-scan-start]
2020-10-26T22:16:55.814-0800: [GC concurrent-root-region-scan-end, 0.0000225 secs]
2020-10-26T22:16:55.814-0800: [GC concurrent-mark-start]
2020-10-26T22:16:55.815-0800: [GC concurrent-mark-end, 0.0010018 secs]
2020-10-26T22:16:55.815-0800: [GC remark, 0.0012159 secs]
2020-10-26T22:16:55.816-0800: [GC cleanup 387M->387M(512M), 0.0004767 secs]
2020-10-26T22:16:55.820-0800: [GC pause (G1 Evacuation Pause) (young) 411M->389M(512M), 0.0016178 secs]
2020-10-26T22:16:55.825-0800: [GC pause (G1 Evacuation Pause) (mixed)-- 417M->376M(512M), 0.0055041 secs]
2020-10-26T22:16:55.834-0800: [GC pause (G1 Evacuation Pause) (mixed) 403M->376M(512M), 0.0036641 secs]
2020-10-26T22:16:55.838-0800: [GC pause (G1 Humongous Allocation) (young) (initial-mark) 378M->376M(512M), 0.0010923 secs]
2020-10-26T22:16:55.839-0800: [GC concurrent-root-region-scan-start]
2020-10-26T22:16:55.839-0800: [GC concurrent-root-region-scan-end, 0.0000638 secs]
2020-10-26T22:16:55.863-0800: [GC concurrent-mark-start]
2020-10-26T22:16:55.863-0800: [GC pause (G1 Evacuation Pause) (young) 409M->388M(512M), 0.0216538 secs]
执行结束!共生成对象次数:9872
2020-10-26T22:16:55.866-0800: [GC concurrent-mark-end, 0.0028845 secs]
2020-10-26T22:16:55.866-0800: [GC remark, 0.0011398 secs]
2020-10-26T22:16:55.867-0800: [GC cleanup 388M->388M(512M), 0.0004985 secs]
```