###

```bash
$ java -Xms512m -Xmx512m -XX:+UseSerialGC  -XX:+PrintGCDetails -XX:+PrintGCDateStamps GCLogAnalysis
---
正在执行...
2020-10-26T19:38:35.162-0800: [GC (Allocation Failure) 2020-10-26T19:38:35.162-0800: [DefNew: 139776K->17472K(157248K), 0.0256219 secs] 139776K->44366K(506816K), 0.0256708 secs] [Times: user=0.02 sys=0.02, real=0.02 secs]
2020-10-26T19:38:35.215-0800: [GC (Allocation Failure) 2020-10-26T19:38:35.215-0800: [DefNew: 157149K->17470K(157248K), 0.0372449 secs] 184044K->90032K(506816K), 0.0372775 secs] [Times: user=0.02 sys=0.02, real=0.04 secs]
2020-10-26T19:38:35.273-0800: [GC (Allocation Failure) 2020-10-26T19:38:35.273-0800: [DefNew: 157246K->17471K(157248K), 0.0276806 secs] 229808K->131308K(506816K), 0.0277133 secs] [Times: user=0.02 sys=0.01, real=0.03 secs]
2020-10-26T19:38:35.324-0800: [GC (Allocation Failure) 2020-10-26T19:38:35.324-0800: [DefNew: 157247K->17471K(157248K), 0.0274768 secs] 271084K->171162K(506816K), 0.0275679 secs] [Times: user=0.02 sys=0.01, real=0.03 secs]
2020-10-26T19:38:35.373-0800: [GC (Allocation Failure) 2020-10-26T19:38:35.373-0800: [DefNew: 157247K->17471K(157248K), 0.0316714 secs] 310938K->217624K(506816K), 0.0317162 secs] [Times: user=0.02 sys=0.01, real=0.03 secs]
2020-10-26T19:38:35.427-0800: [GC (Allocation Failure) 2020-10-26T19:38:35.427-0800: [DefNew: 157247K->17470K(157248K), 0.0280278 secs] 357400K->262564K(506816K), 0.0280573 secs] [Times: user=0.02 sys=0.01, real=0.03 secs]
2020-10-26T19:38:35.477-0800: [GC (Allocation Failure) 2020-10-26T19:38:35.477-0800: [DefNew: 157246K->17471K(157248K), 0.0252240 secs] 402340K->303236K(506816K), 0.0252653 secs] [Times: user=0.02 sys=0.01, real=0.03 secs]
2020-10-26T19:38:35.521-0800: [GC (Allocation Failure) 2020-10-26T19:38:35.522-0800: [DefNew: 157247K->17470K(157248K), 0.0327110 secs] 443012K->348076K(506816K), 0.0327580 secs] [Times: user=0.02 sys=0.02, real=0.03 secs]
2020-10-26T19:38:35.574-0800: [GC (Allocation Failure) 2020-10-26T19:38:35.574-0800: [DefNew: 157246K->157246K(157248K), 0.0000380 secs]2020-10-26T19:38:35.574-0800: [Tenured: 330606K->273637K(349568K), 0.0475904 secs] 487852K->273637K(506816K), [Metaspace: 2727K->2727K(1056768K)], 0.0477344 secs] [Times: user=0.04 sys=0.00, real=0.05 secs]
2020-10-26T19:38:35.644-0800: [GC (Allocation Failure) 2020-10-26T19:38:35.644-0800: [DefNew: 139776K->17470K(157248K), 0.0065230 secs] 413413K->319208K(506816K), 0.0065521 secs] [Times: user=0.00 sys=0.00, real=0.01 secs]
2020-10-26T19:38:35.672-0800: [GC (Allocation Failure) 2020-10-26T19:38:35.672-0800: [DefNew: 157246K->17470K(157248K), 0.0137790 secs] 458984K->359068K(506816K), 0.0138084 secs] [Times: user=0.01 sys=0.00, real=0.01 secs]
2020-10-26T19:38:35.706-0800: [GC (Allocation Failure) 2020-10-26T19:38:35.706-0800: [DefNew: 157246K->157246K(157248K), 0.0000148 secs]2020-10-26T19:38:35.706-0800: [Tenured: 341597K->308143K(349568K), 0.0536442 secs] 498844K->308143K(506816K), [Metaspace: 2728K->2728K(1056768K)], 0.0536977 secs] [Times: user=0.05 sys=0.00, real=0.05 secs]
2020-10-26T19:38:35.779-0800: [GC (Allocation Failure) 2020-10-26T19:38:35.779-0800: [DefNew: 139776K->139776K(157248K), 0.0000138 secs]2020-10-26T19:38:35.779-0800: [Tenured: 308143K->320749K(349568K), 0.0511042 secs] 447919K->320749K(506816K), [Metaspace: 2728K->2728K(1056768K)], 0.0511564 secs] [Times: user=0.05 sys=0.00, real=0.06 secs]
2020-10-26T19:38:35.850-0800: [GC (Allocation Failure) 2020-10-26T19:38:35.850-0800: [DefNew: 139776K->139776K(157248K), 0.0000140 secs]2020-10-26T19:38:35.850-0800: [Tenured: 320749K->312762K(349568K), 0.0541994 secs] 460525K->312762K(506816K), [Metaspace: 2728K->2728K(1056768K)], 0.0542533 secs] [Times: user=0.05 sys=0.00, real=0.05 secs]
2020-10-26T19:38:35.922-0800: [GC (Allocation Failure) 2020-10-26T19:38:35.922-0800: [DefNew: 139738K->139738K(157248K), 0.0000147 secs]2020-10-26T19:38:35.922-0800: [Tenured: 312762K->337564K(349568K), 0.0395190 secs] 452501K->337564K(506816K), [Metaspace: 2728K->2728K(1056768K)], 0.0395717 secs] [Times: user=0.04 sys=0.00, real=0.04 secs]
2020-10-26T19:38:35.982-0800: [GC (Allocation Failure) 2020-10-26T19:38:35.982-0800: [DefNew: 139744K->139744K(157248K), 0.0000140 secs]2020-10-26T19:38:35.982-0800: [Tenured: 337564K->346033K(349568K), 0.0485689 secs] 477309K->346033K(506816K), [Metaspace: 2728K->2728K(1056768K)], 0.0486215 secs] [Times: user=0.05 sys=0.00, real=0.05 secs]
2020-10-26T19:38:36.052-0800: [GC (Allocation Failure) 2020-10-26T19:38:36.052-0800: [DefNew: 139776K->139776K(157248K), 0.0000142 secs]2020-10-26T19:38:36.052-0800: [Tenured: 346033K->349416K(349568K), 0.0529588 secs] 485809K->353367K(506816K), [Metaspace: 2728K->2728K(1056768K)], 0.0530219 secs] [Times: user=0.05 sys=0.00, real=0.05 secs]
执行结束!共生成对象次数:9015
Heap
 def new generation   total 157248K, used 9902K [0x00000007a0000000, 0x00000007aaaa0000, 0x00000007aaaa0000)
  eden space 139776K,   7% used [0x00000007a0000000, 0x00000007a09ab818, 0x00000007a8880000)
  from space 17472K,   0% used [0x00000007a8880000, 0x00000007a8880000, 0x00000007a9990000)
  to   space 17472K,   0% used [0x00000007a9990000, 0x00000007a9990000, 0x00000007aaaa0000)
 tenured generation   total 349568K, used 349416K [0x00000007aaaa0000, 0x00000007c0000000, 0x00000007c0000000)
   the space 349568K,  99% used [0x00000007aaaa0000, 0x00000007bffda320, 0x00000007bffda400, 0x00000007c0000000)
 Metaspace       used 2734K, capacity 4486K, committed 4864K, reserved 1056768K
  class space    used 298K, capacity 386K, committed 512K, reserved 1048576K
```

|Event(事件)|Time(耗时)|Young decreased(年轻代减少)|Total decreased(整个堆内存减少)|Promoted(提升量)|Promotion rate(提升速率)|
|--|--|--|--|--|--|
|